bun : $ turbo run build
At line:1 char:1
+ bun run build 2>&1 | tee build-output.txt
+ ~~~~~~~~~~~~~~~~~~
    + CategoryInfo          : NotSpecified: ($ turbo run build:String) [], Rem 
   oteException
    + FullyQualifiedErrorId : NativeCommandError
 
ÔÇó turbo 2.8.10
ÔÇó Packages in scope: @repo/db, @repo/eslint-config, @repo/typescript-config, @repo/ui, admin, agent, blog, server, web, wholesalers
ÔÇó Running build in 10 packages
ÔÇó Remote caching disabled
wholesalers:build: cache miss, executing cfd103c291ad234e
admin:build: cache miss, executing 259074e2fe9cb668
web:build: cache miss, executing b2efd1b3744b9020
wholesalers:build: $ next build --webpack
blog:build: cache hit, replaying logs 8217ad9f53313203
blog:build: [6n[m]0;C:\Users\kinzi\AppData\Local\Microsoft\WinGet\Packages\Oven-sh.Bun_Microsoft.Winget.Source_8wekyb3d8bbwe\./bun-windows-x64\bun.exe[?25h[35m[2m$[m [1m[2mastro build
blog:build: [22m[2m07:02:40[22m [34m[vite] [mRe-optimizing dependencies because lockfile has changed
blog:build: [2m07:02:59[22m [34m[content] [mSyncing content
blog:build: [2m07:03:00[22m [34m[content] [mSynced content[2m
blog:build: 07:03:00[22m [34m[types] [mGenerated [2m20.19s
blog:build: 07:03:00[22m [34m[build] [moutput: [34m"static"[m[2m
blog:build: 07:03:00[22m [34m[build] [mmode: [34m"static"[m[2m
blog:build: 07:03:00[22m [34m[build] [mdirectory: [34mC:\Users\kinzi\Desktop\projects\accessories-world\apps\blog\dist\
blog:build: [m[2m07:03:00[22m [34m[build] [mCollecting build info...[2m
blog:build: 07:03:00[22m [34m[build] [32mÔ£ô Completed in 20.90s.[m[2m
blog:build: 07:03:00[22m [34m[build] [mBuilding static entrypoints...
blog:build: [33m[1m07:03:09[22m [WARN] [vite] [vite:css][postcss] @import must precede all other statements (besides @charset or empty @layer)
blog:build: 17 |  }
blog:build: 18 |  
blog:build: 19 |  @import url("https://fonts.googleapis.com/css2?family=Inter:wght@300;400;500;600;700&display=swap");
blog:build:    |  ^^^^^^^^^^^^^^^^^^^^^^^^^^^^^^^^^^^^^^^^^^^^^^^^^^^^^^^^^^^^^^^^^^^^^^^^^^^^^^^^^^^^^^^^^^^^^^^^^^^^
blog:build: 20 |  
blog:build: 21 |  body {
blog:build: [m[K[K[K[K[K[K[K[2m07:03:17[22m [34m[vite] [32mÔ£ô built in 16.00s[m[2m
blog:build: 07:03:17[22m [34m[build] [32mÔ£ô Completed in 16.16s.
blog:build: [m[30m[42m
blog:build:  generating static routes 
blog:build: [m
blog:build: [2m07:03:17[22m [32mÔûÂ [msrc/pages/about.astro
blog:build: [2m07:03:17[22m   [34mÔööÔöÇ [m[2m/about/index.html[22m[K [2m(+113ms)[22m 
blog:build: [2m07:03:17[22m [32mÔûÂ [msrc/pages/blog/index.astro
blog:build: [2m07:03:17[22m   [34mÔööÔöÇ [m[2m/blog/index.html[22m [2m(+198ms)[22m 
blog:build: [2m07:03:17[22m [32mÔûÂ [msrc/pages/blog/[...slug].astro
blog:build: [2m07:03:18[22m   [34mÔö£ÔöÇ [m[2m/blog/using-mdx/index.html[22m [2m(+78ms)[22m 
blog:build: [2m07:03:18[22m   [34mÔö£ÔöÇ [m[2m/blog/belts-and-wallets-guide/index.html[22m     [28;55H [2m(+19[22m
blog:build: [2m[27;59H98ms)[22m[K
blog:build: [2m07:03:18[22m   [34mÔö£ÔöÇ [m[2m/blog/choosing-quality-bags/index.html[22m [2m(+114m[22m
blog:build: [2m[27;59Hms)[22m[K
blog:build: [2m07:03:18[22m   [34mÔö£ÔöÇ [m[2m/blog/color-psychology/index.html[22m [2m(+169ms)[22m 
blog:build: [2m07:03:18[22m   [34mÔö£ÔöÇ [m[2m/blog/first-post/index.html[22m [2m(+110ms)[22m 
blog:build: [2m07:03:18[22m   [34mÔö£ÔöÇ [m[2m/blog/second-post/index.html[22m [2m(+110ms)[22m 
blog:build: [2m07:03:19[22m   [34mÔö£ÔöÇ [m[2m/blog/seasonal-accessories/index.html[22m [2m(+144ms[22m
blog:build: [2m[27;59Hs)[22m[K
blog:build: [2m07:03:19[22m   [34mÔö£ÔöÇ [m[2m/blog/third-post/index.html[22m [2m(+271ms)[22m 
blog:build: [2m07:03:19[22m   [34mÔööÔöÇ [m[2m/blog/markdown-style-guide/index.html[22m [2m(+73ms)[22m
blog:build: [2m[27;59H)[22m
blog:build: 
blog:build: [2m07:03:20[22m [35m╬╗ [msrc/pages/rss.xml.js
blog:build: [2m07:03:20[22m   [34mÔööÔöÇ [m[2m/rss.xml[22m [2m(+57ms)[22m 
blog:build: [2m07:03:20[22m [32mÔûÂ [msrc/pages/index.astro
blog:build: [2m07:03:20[22m   [34mÔööÔöÇ [m[2m/index.html[22m [2m(+62ms)[22m 
blog:build: [2m07:03:20[22m [32mÔ£ô Completed in 3.28s.
blog:build: [m
blog:build: [32m[m
blog:build: [30m[42m generating optimized images 
blog:build: [m
blog:build: [2m07:03:22[22m   [32mÔûÂ [m/_astro/blog-placeholder-3.ijrf8Ohr_Z1373cG.we
blog:build: [27;59Hebp [2m(before: 28kB, after: 12kB)[22m [2m(+1.62s)[22m [2m(1/12)[22m[K
blog:build: [2m07:03:22[22m   [32mÔûÂ [m/_astro/blog-placeholder-5.CB3Xi-gp_j9V0O.webp
blog:build: [27;59Hp
blog:build:  [2m(before: 34kB, after: 9kB)[22m [2m(+1.66s)[22m [2m(2/12)[22m[K
blog:build: [2m07:03:22[22m   [32mÔûÂ [m/_astro/blog-placeholder-2.1WQRLJGH_15TD1q.web
blog:build: [27;59Hbp [2m(before: 32kB, after: 16kB)[22m [2m(+1.69s)[22m [2m(3/12)[22m[K
blog:build: [2m07:03:22[22m   [32mÔûÂ [m/_astro/blog-placeholder-4.gLBdjEDe_Z15Ss3d.we
blog:build: [27;59Hebp [2m(before: 37kB, after: 22kB)[22m [2m(+1.72s)[22m [2m(4/12)[22m[K
blog:build: [2m07:03:22[22m   [32mÔûÂ [m/_astro/blog-placeholder-about.BtEdEmGp_2eecaz
blog:build: [27;59Hz.webp [2m(before: 21kB, after: 14kB)[22m [2m(+1.78s)[22m [2m(5/12)[22m[K
blog:build: [2m07:03:22[22m   [32mÔûÂ [m/_astro/blog-placeholder-1.Bx0Zcyzv_Z1v5W1C.we
blog:build: [27;59Hebp [2m(before: 31kB, after: 13kB)[22m [2m(+2.05s)[22m [2m(6/12)[22m[K
blog:build: [2m07:03:22[22m   [32mÔûÂ [m/_astro/blog-placeholder-5.CB3Xi-gp_Z1y5ehD.we
blog:build: [27;59Hebp [2m(before: 34kB, after: 17kB)[22m [2m(+407ms)[22m [2m(7/12)[22m[K
blog:build: [2m07:03:22[22m   [32mÔûÂ [m/_astro/blog-placeholder-4.gLBdjEDe_sXP1K.webp
blog:build: [27;59Hp
blog:build:  [2m(before: 37kB, after: 37kB)[22m [2m(+478ms)[22m [2m(8/12)[22m[K
blog:build: [2m07:03:22[22m   [32mÔûÂ [m/_astro/blog-placeholder-2.1WQRLJGH_2ml2Jq.web
blog:build: [27;59Hbp [2m(before: 32kB, after: 28kB)[22m [2m(+601ms)[22m [2m(9/12)[22m[K
blog:build: [2m07:03:22[22m   [32mÔûÂ [m/_astro/blog-placeholder-3.ijrf8Ohr_1S4sd1.web
blog:build: [27;59Hbp [2m(before: 28kB, after: 23kB)[22m [2m(+807ms)[22m [2m(10/12)[22m[K
blog:build: [2m07:03:23[22m   [32mÔûÂ [m/_astro/blog-placeholder-about.BtEdEmGp_Z2srqQ
blog:build: [27;59HQK.webp [2m(before: 21kB, after: 14kB)[22m [2m(+839ms)[22m [2m(11/12)[22m        [28;1H
blog:build: [2m07:03:23[22m   [32mÔûÂ [m/_astro/blog-placeholder-1.Bx0Zcyzv_Z29X6w5.we
blog:build: [27;59Hebp [2m(before: 31kB, after: 22kB)[22m [2m(+658ms)[22m [2m(12/12)[22m[K
blog:build: [2m07:03:23[22m [32mÔ£ô Completed in 2.80s.
blog:build: [m
blog:build: [32m[m
blog:build: [2m07:03:23[22m [34m[@astrojs/sitemap] [m`sitemap-index.xml` created at 
blog:build: [27;59H `dist`
blog:build: [2m07:03:23[22m [34m[build] [m12 page(s) built in [1m43.84s
blog:build: [22m
blog:build: [2m07:03:23[22m [34m[build] [m[1mComplete!
blog:build: [22m
admin:build: $ next build --webpack
web:build: $ next build --webpack
server:build: cache hit, replaying logs 06f0c7fa506799de
server:build: [6n[m]0;C:\Users\kinzi\AppData\Local\Microsoft\WinGet\Packages\Oven-sh.Bun_Microsoft.Winget.Source_8wekyb3d8bbwe\./bun-windows-x64\bun.exe[?25h[35m[2m$[m [1m[2mbun build src/index.ts --outdir dist --target bun
server:build: [?25l[22m[32mBundled 131 modules in 454ms[4;1H[?25h[?25l[m  [34mindex.js  [33m5.92 MB  [2m(entry point)[6;1H[?25h[m
